[isti-html.vercel.app/index-2.html]
[backblue.gif]
[fade.gif]
[index.html]
[isti-html.vercel.app/images/favicon.png]
[isti-html.vercel.app/css/font-awesome-pro.css]
[isti-html.vercel.app/css/plugin.css]
[isti-html.vercel.app/css/spacing.css]
[isti-html.vercel.app/css/scroll_top.css]
[isti-html.vercel.app/css/style.css]
[isti-html.vercel.app/css/responsive.css]
[isti-html.vercel.app/isti-icon/style.css]
[isti-html.vercel.app/images/logo_3.png]
[isti-html.vercel.app/images/banner_bg2.jpg]
[isti-html.vercel.app/images/portfolio_4.jpg]
[isti-html.vercel.app/images/portfolio_5.jpg]
[isti-html.vercel.app/images/service_4.png]
[isti-html.vercel.app/images/service_6.png]
[isti-html.vercel.app/images/service_5.png]
[isti-html.vercel.app/images/review_1.png]
[isti-html.vercel.app/images/brand_6.png]
[isti-html.vercel.app/images/brand_7.png]
[isti-html.vercel.app/images/brand_8.png]
[isti-html.vercel.app/images/brand_9.png]
[isti-html.vercel.app/images/brand_10.png]
[isti-html.vercel.app/blog-details.html]
[isti-html.vercel.app/images/blog_7.jpg]
[isti-html.vercel.app/images/blog_8.jpg]
[isti-html.vercel.app/images/blog_9.jpg]
[isti-html.vercel.app/index.html]
[isti-html.vercel.app/js/plugin.js]
[isti-html.vercel.app/js/animation.js]
[isti-html.vercel.app/js/scroll_top.js]
[isti-html.vercel.app/index-2.html]
[isti-html.vercel.app/js/main.js]
[isti-html.vercel.app/fonts/fa-brands-400.woff2]
[isti-html.vercel.app/fonts/fa-brands-400.ttf]
[isti-html.vercel.app/fonts/fa-duotone-900.woff2]
[isti-html.vercel.app/fonts/fa-duotone-900.ttf]
[isti-html.vercel.app/fonts/fa-light-300.woff2]
[isti-html.vercel.app/fonts/fa-light-300.ttf]
[isti-html.vercel.app/fonts/fa-regular-400.woff2]
[isti-html.vercel.app/fonts/fa-regular-400.ttf]
[isti-html.vercel.app/fonts/fa-solid-900.woff2]
[isti-html.vercel.app/fonts/fa-solid-900.ttf]
[isti-html.vercel.app/fonts/fa-thin-100.woff2]
[isti-html.vercel.app/fonts/fa-thin-100.ttf]
[isti-html.vercel.app/fonts/fa-v4compatibility.woff2]
[isti-html.vercel.app/css/font-awesome-pro.css]
[isti-html.vercel.app/css/plugin.css]
[isti-html.vercel.app/fonts/fa-v4compatibility.ttf]
[isti-html.vercel.app/css/spacing.css]
[isti-html.vercel.app/css/scroll_top.css]
[isti-html.vercel.app/index-3.html]
[isti-html.vercel.app/images/circle.png]
[isti-html.vercel.app/images/contact_bg.jpg]
[isti-html.vercel.app/css/style.css]
[isti-html.vercel.app/images/contact_bg_2.png]
[isti-html.vercel.app/css/responsive.css]
[isti-html.vercel.app/isti-icon/fonts/icomoon920a.eot]
[isti-html.vercel.app/isti-icon/fonts/icomoon920a.ttf]
[isti-html.vercel.app/isti-icon/fonts/icomoon920a.woff]
[isti-html.vercel.app/isti-icon/style.css]
[isti-html.vercel.app/isti-icon/fonts/icomoon920a.svg]
[isti-html.vercel.app/images/logo_2.png]
[isti-html.vercel.app/blog.html]
[isti-html.vercel.app/contact.html]
[isti-html.vercel.app/images/bredcrumbs_bg.jpg]
[isti-html.vercel.app/images/blog_details_1.jpg]
[isti-html.vercel.app/images/blog_details_2.jpg]
[isti-html.vercel.app/images/blog_details_3.jpg]
[isti-html.vercel.app/images/blog_details_4.jpg]
[isti-html.vercel.app/images/blog_details_5.jpg]
[isti-html.vercel.app/images/blog_details_6.jpg]
[isti-html.vercel.app/images/blog_details_7.jpg]
[isti-html.vercel.app/blog-details.html]
[isti-html.vercel.app/images/logo_1.png]
[isti-html.vercel.app/images/banner_bg.jpg]
[isti-html.vercel.app/images/banner_img.png]
[isti-html.vercel.app/images/about_img.jpg]
[isti-html.vercel.app/images/service_1.jpg]
[isti-html.vercel.app/images/service_2.jpg]
[isti-html.vercel.app/images/service_3.jpg]
[isti-html.vercel.app/images/portfolio_1.jpg]
[isti-html.vercel.app/images/portfolio_2.jpg]
[isti-html.vercel.app/images/testimonial_1.jpg]
[isti-html.vercel.app/images/testimonial_2.jpg]
[isti-html.vercel.app/images/brand_1.png]
[isti-html.vercel.app/images/brand_2.png]
[isti-html.vercel.app/images/brand_3.png]
[isti-html.vercel.app/images/brand_4.png]
[isti-html.vercel.app/images/brand_5.png]
[isti-html.vercel.app/images/blog_1.jpg]
[isti-html.vercel.app/images/blog_2.jpg]
[isti-html.vercel.app/images/blog_3.jpg]
[isti-html.vercel.app/index.html]
[isti-html.vercel.app/fonts/fa-duotone-900.html]
[isti-html.vercel.app/fonts/fa-duotone-901.html]
[isti-html.vercel.app/index-3.html]
[isti-html.vercel.app/isti-icon/fonts/icomoon920a.svg]
[isti-html.vercel.app/images/blog_4.jpg]
[isti-html.vercel.app/images/blog_5.jpg]
[isti-html.vercel.app/images/blog_6.jpg]
[isti-html.vercel.app/blog.html]
[isti-html.vercel.app/images/contact_img.jpg]
[isti-html.vercel.app/contact.html]
